[codedchalk.com/index.html]
[backblue.gif]
[fade.gif]
[index.html]
[codedchalk.com/favicon.ico]
[codedchalk.com/style.css]
[codedchalk.com/css/font-awesome.min.css]
[codedchalk.com/index-2.html]
[codedchalk.com/courses.html]
[codedchalk.com/about.html]
[codedchalk.com/contact.html]
[codedchalk.com/angular.html]
[codedchalk.com/uiandux.html]
[codedchalk.com/reactjs.html]
[codedchalk.com/ios.html]
[codedchalk.com/android.html]
[codedchalk.com/dotnet.html]
[codedchalk.com/frontenddevelopment.html]
[codedchalk.com/js/jquery.min.js]
[codedchalk.com/js/ScrollMagic/2.0.5/ScrollMagic.min.js]
[codedchalk.com/js/ScrollMagic/2.0.5/plugins/debug.addIndicators.min.js]
[codedchalk.com/js/ScrollMagic/2.0.5/plugins/animation.gsap.min.js]
[codedchalk.com/js/plugins.js]
[codedchalk.com/js/scripts.js]
[codedchalk.com/index.html]
[codedchalk.com/css/showcase.css]
[codedchalk.com/css/portfolio.css]
[codedchalk.com/css/shortcodes.css]
[codedchalk.com/css/assets.css]
[codedchalk.com/fonts/sanctum/sanctum.eot]
[codedchalk.com/fonts/sanctum/sanctumd41d.eot]
[codedchalk.com/fonts/sanctum/sanctum.woff]
[codedchalk.com/fonts/sanctum/sanctum.ttf]
[codedchalk.com/fonts/sanctum/sanctum.svg]
[codedchalk.com/images/headphones.png]
[codedchalk.com/images/headphones-white.png]
[codedchalk.com/style.css]
[codedchalk.com/fonts/fontawesome-webfont78ce78ce.eot]
[codedchalk.com/fonts/fontawesome-webfontd41dd41d.eot]
[codedchalk.com/fonts/fontawesome-webfont78ce78ce.woff]
[codedchalk.com/fonts/fontawesome-webfont78ce78ce.ttf]
[codedchalk.com/css/font-awesome.min.css]
[codedchalk.com/index-2.html]
[codedchalk.com/fonts/fontawesome-webfont78ce78ce.svg]
[codedchalk.com/images/01hero.jpg]
[codedchalk.com/images/02hero.jpg]
[codedchalk.com/images/03hero.jpg]
[codedchalk.com/images/04hero.jpg]
[codedchalk.com/images/05hero.jpg]
[codedchalk.com/images/07hero.jpg]
[codedchalk.com/images/08hero.jpg]
[codedchalk.com/images/06hero.jpg]
[codedchalk.com/images/09hero.jpg]
[codedchalk.com/images/10hero.jpg]
[codedchalk.com/courses.html]
[codedchalk.com/about.html]
[codedchalk.com/images/map.png]
[codedchalk.com/contact.html]
[codedchalk.com/angular.html]
[codedchalk.com/uiandux.html]
[codedchalk.com/reactjs.html]
[codedchalk.com/ios.html]
[codedchalk.com/android.html]
[codedchalk.com/dotnet.html]
[codedchalk.com/frontenddevelopment.html]
[codedchalk.com/css/showcase.css]
[codedchalk.com/css/portfolio.css]
[codedchalk.com/css/shortcodes.css]
[codedchalk.com/css/owl.video.play.html]
[codedchalk.com/css/assets.css]
[codedchalk.com/fonts/sanctum/sanctum.svg]
[codedchalk.com/images/rotate.html]
[codedchalk.com/fonts/fontawesome-webfont78ce78ce.svg]
[codedchalk.com/css/owl.video.play.html]
